sample status in_reads in_bp too_short too_long too_many_n out_reads w/adapters qualtrim_bp out_bp w/adapters2 qualtrim2_bp out2_bp
BOI-B-GAR-GUT1_TCCCCA-K888V_L001 OK 56518 28259000 4 0 0 41283 44737 0 9619671 45407 0 9495786
BOI-B-GAR-GUT10_TTAAAT-K888V_L001 OK 47697 23848500 0 0 0 33889 36670 0 7896912 37903 0 7795276
BOI-B-GAR-GUT2_AACTAG-K888V_L001 OK 50561 25280500 1 0 0 38601 41695 0 8994791 43133 0 8878757
BOI-B-GAR-GUT3_GTTCGC-K888V_L001 OK 39301 19650500 3 0 0 29709 31981 0 6922740 32849 0 6833524
BOI-B-GAR-GUT4_TGCCTT-K888V_L001 OK 63772 31886000 1 0 0 45848 49556 0 10683419 51460 0 10545816
BOI-B-GAR-GUT5_ATAAGA-K888V_L001 OK 63972 31986000 1 0 0 48524 52340 0 11307094 54562 0 11161264
BOI-B-GAR-GUT6_CACACT-K888V_L001 OK 52091 26045500 3 0 0 38066 41016 0 8870145 42799 0 8756184
BOI-B-GAR-GUT7_ACAGTT-K888V_L001 OK 42097 21048500 2 0 0 31580 34137 0 7358704 34981 0 7263926
BOI-B-GAR-GUT8_TTGCCC-K888V_L001 OK 50954 25477000 4 0 0 37916 41034 0 8835056 42170 0 8721252
BOI-B-GAR-GUT9_CAGTCT-K888V_L001 OK 58341 29170500 2 0 0 43983 47397 0 10248653 48112 0 10116643
BOI-B-W1-ADN1_AACTTA-JYTW3_L001 OK 112737 56368500 112 0 0 86564 93818 0 20170421 94994 0 19911254
BOI-B-W2-ADN1_TGTGAG-JYTW3_L001 OK 102582 51291000 58 0 0 81759 88715 0 19050853 89523 0 18805815
BOI-B-W2-SED1_AGTATT-JYTW3_L001 OK 71407 35703500 43 0 0 55267 59794 0 12877959 60788 0 12713464
BOI-B-W3-ADN1_CAACGA-JYTW3_L001 OK 128284 64142000 50 0 0 100697 109032 0 23463823 110560 0 23161927
CHA-B-GAR-GUT1_AGCGGT-K888V_L001 OK 52643 26321500 0 0 0 41814 44781 0 9743237 45718 0 9617779
CHA-B-GAR-GUT10_TGGTGT-K888V_L001 OK 52105 26052500 1 0 0 40177 43116 0 9361774 43885 0 9241297
CHA-B-GAR-GUT2_GCTCAA-K888V_L001 OK 52475 26237500 1 0 0 40589 43681 0 9457827 44234 0 9336059
CHA-B-GAR-GUT3_TCCATT-K888V_L001 OK 56774 28387000 0 0 0 40860 43862 0 9521000 44661 0 9399248
CHA-B-GAR-GUT4_ACCTCA-K888V_L001 OK 50316 25158000 3 0 0 37896 40652 0 8830409 41503 0 8716571
CHA-B-GAR-GUT5_CCCGAG-K888V_L001 OK 48582 24291000 2 0 0 37988 40770 0 8851732 41813 0 8737768
CHA-B-GAR-GUT6_GGTATA-K888V_L001 OK 65259 32629500 1 0 0 50177 53864 0 11692098 55516 0 11541481
CHA-B-GAR-GUT7_GTGCTG-K888V_L001 OK 49314 24657000 1 0 0 38934 41698 0 9072238 42671 0 8955377
CHA-B-GAR-GUT8_CCCTCC-K888V_L001 OK 63480 31740000 2 0 0 43706 47112 0 10184091 48045 0 10052981
CHA-B-GAR-GUT9_GAGAAC-K888V_L001 OK 52863 26431500 3 0 0 41729 44771 0 9723497 45815 0 9598275
CHA-B-PER-GUT1_GGGGTG-K888V_L001 OK 52482 26241000 8 0 0 41617 44525 0 9697366 45627 0 9572472
CHA-B-PER-GUT10_CCAGCC-K888V_L001 OK 51386 25693000 1 0 0 38915 41987 0 9067889 42709 0 8951084
CHA-B-PER-GUT2_AGCCCT-K888V_L001 OK 54372 27186000 0 0 0 42173 45300 0 9826805 45959 0 9700438
CHA-B-PER-GUT3_CGAGAA-K888V_L001 OK 42466 21233000 0 0 0 33294 36044 0 7758084 36428 0 7658047
CHA-B-PER-GUT4_CCGGGT-K888V_L001 OK 52810 26405000 2 0 0 41439 44298 0 9655958 45229 0 9531517
CHA-B-PER-GUT5_GTCATT-K888V_L001 OK 56038 28019000 2 0 0 42031 44939 0 9793868 45926 0 9668666
CHA-B-PER-GUT6_CAGGAC-K888V_L001 OK 47401 23700500 3 0 0 36869 39669 0 8591075 40476 0 8480470
CHA-B-PER-GUT7_TAAGAC-K888V_L001 OK 63211 31605500 1 0 0 48735 52461 0 11356050 53733 0 11209835
CHA-B-PER-GUT8_AGTTGA-K888V_L001 OK 58728 29364000 1 0 0 46287 49772 0 10785541 50542 0 10646602
CHA-B-PER-GUT9_GTTAGT-K888V_L001 OK 52706 26353000 1 0 0 40130 43137 0 9350865 43840 0 9230624
CHA-B-W1-ADN1_GGAAGA-JYTW3_L001 OK 126938 63469000 70 0 0 101122 109658 0 23562602 110966 0 23259674
CHA-B-W2-ADN1_CTAGGA-JYTW3_L001 OK 86907 43453500 48 0 0 68447 74101 0 15948982 75366 0 15743917
CHA-B-W2-SED1_CAGGCG-JYTW3_L001 OK 59664 29832000 37 0 0 47277 51161 0 11016136 51978 0 10874407
CHA-B-W3-ADN1_TGACCT-JYTW3_L001 OK 102228 51114000 62 0 0 79638 86348 0 18556625 87492 0 18318099
CRJ-B-GAR-GUT1_CTACCG-K888V_L001 OK 48408 24204000 2 0 0 37200 39985 0 8668176 40549 0 8556543
CRJ-B-GAR-GUT10_TGATTT-K888V_L001 OK 42881 21440500 0 0 0 30736 33125 0 7162022 33807 0 7069773
CRJ-B-GAR-GUT2_TCGTTC-K888V_L001 OK 48244 24122000 3 0 0 35791 38439 0 8339829 39243 0 8232392
CRJ-B-GAR-GUT3_GCGATG-K888V_L001 OK 37852 18926000 2 0 0 29903 32047 0 6967906 32628 0 6878179
CRJ-B-GAR-GUT4_ATATAA-K888V_L001 OK 52869 26434500 0 0 0 39912 42865 0 9300021 43494 0 9180371
CRJ-B-GAR-GUT5_ATACTG-K888V_L001 OK 47807 23903500 1 0 0 36913 39594 0 8601278 40324 0 8490536
CRJ-B-GAR-GUT6_GGAGAG-K888V_L001 OK 40591 20295500 3 0 0 32343 34894 0 7536298 35181 0 7439321
CRJ-B-GAR-GUT7_ACGAGA-K888V_L001 OK 45755 22877500 0 0 0 36200 38999 0 8435203 39428 0 8326496
CRJ-B-GAR-GUT8_ATTACA-K888V_L001 OK 52470 26235000 3 0 0 39844 42806 0 9284258 43455 0 9164833
CRJ-B-GAR-GUT9_TGAGCA-K888V_L001 OK 52436 26218000 1 0 0 40771 44016 0 9500276 44714 0 9377977
CRJ-B-PER-GUT1_TATTGG-K888V_L001 OK 57246 28623000 5 0 0 44314 47441 0 10325903 49360 0 10192838
CRJ-B-PER-GUT10_CCAACA-K888V_L001 OK 46637 23318500 2 0 0 34754 37229 0 8098224 38563 0 7993928
CRJ-B-PER-GUT2_AAACAA-K888V_L001 OK 68283 34141500 4 0 0 51573 55439 0 12017361 57409 0 11862413
CRJ-B-PER-GUT3_AGGGAT-K888V_L001 OK 58169 29084500 5 0 0 45826 48820 0 10678184 50996 0 10540475
CRJ-B-PER-GUT4_GCAATA-K888V_L001 OK 58788 29394000 2 0 0 45178 48489 0 10527350 49863 0 10391619
CRJ-B-PER-GUT5_CAATTA-K888V_L001 OK 45773 22886500 1 0 0 33920 36620 0 7903897 37147 0 7802524
CRJ-B-PER-GUT6_CAGAGC-K888V_L001 OK 46726 23363000 2 0 0 36517 39129 0 8509120 40395 0 8399423
CRJ-B-PER-GUT7_CAATGC-K888V_L001 OK 50507 25253500 6 0 0 38251 41274 0 8913006 42083 0 8798241
CRJ-B-PER-GUT8_AATATG-K888V_L001 OK 57905 28952500 6 0 0 44625 48164 0 10398363 49081 0 10264472
CRJ-B-PER-GUT9_TGTTCG-K888V_L001 OK 48163 24081500 1 0 0 36676 39342 0 8546045 40153 0 8435948
CRJ1-B-W1-ADN1_CAGTTC-JYTW3_L001 OK 111186 55593000 89 0 0 85715 93048 0 19972693 94249 0 19715911
CRJ1-B-W2-ADN1_TGCAGT-JYTW3_L001 OK 100133 50066500 73 0 0 78838 85396 0 18370136 86425 0 18134610
CRJ1-B-W2-SED1_GTCCTA-JYTW3_L001 OK 117706 58853000 76 0 0 91323 98934 0 21279548 100305 0 21005760
CRJ1-B-W3-ADN1_AATGAA-JYTW3_L001 OK 110587 55293500 63 0 0 86758 94034 0 20215672 95151 0 19955699
CRJ2-B-W1-ADN1_TGCCAG-JYTW3_L001 OK 97875 48937500 46 0 0 77824 84267 0 18134016 85152 0 17900749
CRJ2-B-W2-ADN1_CACTGT-JYTW3_L001 OK 108230 54115000 96 0 0 83779 90828 0 19521464 91835 0 19270435
CRJ2-B-W2-SED1_ACGGTA-JYTW3_L001 OK 82968 41484000 45 0 0 65447 70743 0 15249937 71978 0 15053797
CRJ2-B-W3-ADN1_GTGCCA-JYTW3_L001 OK 89095 44547500 404 0 0 69935 75813 0 16295634 77018 0 16086127
CTL-B-GAR-GUT1_CTACGC-K888V_L001 OK 48426 24213000 11 0 0 35452 38586 0 8261046 39729 0 8154497
CTL-B-GAR-GUT10_CTGAGG-K888V_L001 OK 32888 16444000 5 0 0 25280 27176 0 5890630 28215 0 5814713
CTL-B-GAR-GUT2_CTCTAC-K888V_L001 OK 62276 31138000 1 0 0 43794 47474 0 10204791 49196 0 10073401
CTL-B-GAR-GUT3_ACCGTG-K888V_L001 OK 34550 17275000 2 0 0 26088 28231 0 6079124 29340 0 6000711
CTL-B-GAR-GUT4_ACTACT-K888V_L001 OK 53666 26833000 10 0 0 39236 42642 0 9142592 42966 0 9025415
CTL-B-GAR-GUT5_CCTCTT-K888V_L001 OK 61195 30597500 14 0 0 40153 43777 0 9356456 44977 0 9236131
CTL-B-GAR-GUT6_CCCACG-K888V_L001 OK 54006 27003000 0 0 0 41555 44551 0 9682979 45765 0 9558230
CTL-B-GAR-GUT7_AATCAC-K888V_L001 OK 64922 32461000 6 0 0 49042 52845 0 11427626 54459 0 11280382
CTL-B-GAR-GUT8_GTAGAA-K888V_L001 OK 49597 24798500 1 0 0 37536 40811 0 8746740 42119 0 8633878
CTL-B-GAR-GUT9_TGGGTA-K888V_L001 OK 55650 27825000 3 0 0 42132 45353 0 9817689 47648 0 9691003
CTL-B-PER-GUT1_GATGAC-K888V_L001 OK 48970 24485000 1 0 0 38581 41556 0 8989891 42108 0 8874177
CTL-B-PER-GUT10_GATGCT-K888V_L001 OK 48805 24402500 2 0 0 36555 39433 0 8517958 41209 0 8408178
CTL-B-PER-GUT2_AGAGGG-K888V_L001 OK 51698 25849000 3 0 0 40002 43257 0 9321078 44682 0 9201016
CTL-B-PER-GUT3_ATGAAC-K888V_L001 OK 49730 24865000 4 0 0 37434 40298 0 8722926 42426 0 8610322
CTL-B-PER-GUT4_TACCTG-K888V_L001 OK 63706 31853000 8 0 0 47695 51454 0 11113916 53438 0 10970583
CTL-B-PER-GUT5_CTAGAG-K888V_L001 OK 64757 32378500 4 0 0 49061 52819 0 11432176 55583 0 11284843
CTL-B-PER-GUT6_GAGATA-K888V_L001 OK 54055 27027500 7 0 0 41200 44714 0 9600294 45755 0 9476680
CTL-B-PER-GUT7_ATGCTT-K888V_L001 OK 46800 23400000 7 0 0 33899 36865 0 7899124 37724 0 7797498
CTL-B-PER-GUT8_GCATAC-K888V_L001 OK 49016 24508000 3 0 0 36756 39650 0 8564881 41267 0 8454408
CTL-B-PER-GUT9_CCCAAA-K888V_L001 OK 40619 20309500 2 0 0 29272 31790 0 6820948 32839 0 6733006
CTL-B-W1-ADN1_AAATGT-JYTW3_L001 OK 96160 48080000 66 0 0 75359 81590 0 17559563 82686 0 17333798
CTL-B-W2-ADN1_GTGACG-JYTW3_L001 OK 92664 46332000 43 0 0 73566 79715 0 17141743 80737 0 16921336
CTL-B-W2-SED1_ACACCG-JYTW3_L001 OK 47859 23929500 59 0 0 36680 39937 0 8546931 40513 0 8436993
CTL-B-W3-ADN1_GGTCCG-JYTW3_L001 OK 74776 37388000 51 0 0 59036 63999 0 13756176 64875 0 13579300
GDP-B-GAR-GUT1_TCTCGG-K888V_L001 OK 57062 28531000 1 0 0 44039 47174 0 10261845 48348 0 10129592
GDP-B-GAR-GUT10_TATGCG-K888V_L001 OK 45705 22852500 2 0 0 35766 38346 0 8333969 38972 0 8226627
GDP-B-GAR-GUT2_AGCGAC-K888V_L001 OK 50185 25092500 0 0 0 39476 42232 0 9198604 43658 0 9079994
GDP-B-GAR-GUT3_CCCTGG-K888V_L001 OK 48289 24144500 2 0 0 37104 39828 0 8645809 40841 0 8534426
GDP-B-GAR-GUT4_TTCGCA-K888V_L001 OK 50636 25318000 1 0 0 38527 41366 0 8977449 42499 0 8861785
GDP-B-GAR-GUT5_GCCAAG-K888V_L001 OK 31048 15524000 0 0 0 24674 26463 0 5749407 26763 0 5675344
GDP-B-GAR-GUT6_AGGTTC-K888V_L001 OK 35806 17903000 0 0 0 27904 29889 0 6502023 30595 0 6418268
GDP-B-GAR-GUT7_TTTTTC-K888V_L001 OK 57751 28875500 4 0 0 36379 39205 0 8476952 39858 0 8367847
GDP-B-GAR-GUT8_GTCGTG-K888V_L001 OK 26572 13286000 1 0 0 20463 22079 0 4768240 22463 0 4706845
GDP-B-GAR-GUT9_GCTATC-K888V_L001 OK 37191 18595500 0 0 0 28033 30091 0 6532095 30601 0 6448088
GDP-B-PER-GUT1_GGTAGC-K888V_L001 OK 53116 26558000 1 0 0 42004 44956 0 9787548 45735 0 9661447
GDP-B-PER-GUT10_GAGCTT-K888V_L001 OK 44646 22323000 0 0 0 34566 36975 0 8054371 37887 0 7950755
GDP-B-PER-GUT2_CTCCCC-K888V_L001 OK 54682 27341000 2 0 0 38198 41245 0 8900797 41825 0 8786169
GDP-B-PER-GUT3_CTCTCG-K888V_L001 OK 37608 18804000 0 0 0 28184 30279 0 6567339 30791 0 6482722
GDP-B-PER-GUT4_AAATTG-K888V_L001 OK 60417 30208500 3 0 0 47221 50602 0 11003245 51693 0 10861414
GDP-B-PER-GUT5_GCAAAT-K888V_L001 OK 50858 25429000 1 0 0 39558 42316 0 9217610 43278 0 9099004
GDP-B-PER-GUT6_GCCACA-K888V_L001 OK 53477 26738500 1 0 0 41489 44633 0 9667563 45291 0 9543076
GDP-B-PER-GUT7_CTGTGC-K888V_L001 OK 57733 28866500 2 0 0 44800 47858 0 10439027 48680 0 10304533
GDP-B-PER-GUT8_ACATAT-K888V_L001 OK 50278 25139000 1 0 0 37760 40522 0 8798596 41153 0 8685318
GDP-B-PER-GUT9_TGCTGA-K888V_L001 OK 32414 16207000 0 0 0 25220 27076 0 5876673 27625 0 5800917
GDP-B-W1-ADN1_AAGGTG-JYTW3_L001 OK 94660 47330000 42 0 0 75528 81794 0 17599007 82848 0 17372538
GDP-B-W2-ADN1_TTCAAC-JYTW3_L001 OK 109645 54822500 69 0 0 83129 90339 0 19370119 91735 0 19120992
GDP-B-W2-SED1_AGCCCT-JYTW3_L001 OK 76595 38297500 60 0 0 59701 64615 0 13911064 65724 0 13732385
GDP-B-W3-ADN1_ACGAAT-JYTW3_L001 OK 112647 56323500 81 0 0 88685 95905 0 20664635 97263 0 20399333
JAB-B-GAR-GUT1_TTCCGT-K888V_L001 OK 27860 13930000 2 0 0 19997 21521 0 4659551 21997 0 4599566
JAB-B-GAR-GUT10_ATTGAG-K888V_L001 OK 68065 34032500 3 0 0 53083 56784 0 12369160 58926 0 12209692
JAB-B-GAR-GUT2_AGTGTC-K888V_L001 OK 49239 24619500 4 0 0 37480 40557 0 8733636 41772 0 8621076
JAB-B-GAR-GUT3_CCGTAG-K888V_L001 OK 57834 28917000 1 0 0 43755 46888 0 10195744 49457 0 10064242
JAB-B-GAR-GUT4_CATGAG-K888V_L001 OK 51751 25875500 2 0 0 39967 42858 0 9313015 44638 0 9192922
JAB-B-GAR-GUT5_TGAATA-K888V_L001 OK 41114 20557000 2 0 0 31507 33709 0 7341697 34733 0 7247153
JAB-B-GAR-GUT6_CGTGCG-K888V_L001 OK 38956 19478000 1 0 0 30182 32433 0 7032958 33482 0 6942252
JAB-B-GAR-GUT7_GCCCGA-K888V_L001 OK 48988 24494000 0 0 0 38167 40885 0 8893485 42112 0 8778863
JAB-B-GAR-GUT8_TGTCTA-K888V_L001 OK 71136 35568000 0 0 0 53601 57331 0 12490125 59551 0 12328878
JAB-B-GAR-GUT9_ATATCC-K888V_L001 OK 82210 41105000 6 0 0 60882 65127 0 14186729 68808 0 14003820
JAB-B-PER-GUT1_CTGGTT-K888V_L001 OK 64080 32040000 0 0 0 49070 52533 0 11433992 53497 0 11286904
JAB-B-PER-GUT2_CTACAT-K888V_L001 OK 40046 20023000 1 0 0 28855 30924 0 6723856 32155 0 6637151
JAB-B-PER-GUT3_AATAAT-K888V_L001 OK 48696 24348000 0 0 0 36013 38549 0 8391690 40103 0 8283569
JAB-B-PER-GUT5_GGCTGC-K888V_L001 OK 36282 18141000 6 0 0 28006 29959 0 6525880 31192 0 6441787
JAB-B-W1-ADN1_GGATTC-JYTW3_L001 OK 109087 54543500 78 0 0 86115 93149 0 20065969 94562 0 19807964
JAB-B-W2-ADN1_GGAGGT-JYTW3_L001 OK 103901 51950500 56 0 0 82975 89735 0 19334298 91139 0 19085444
JAB-B-W2-SED1_CGAGAA-JYTW3_L001 OK 54359 27179500 24 0 0 43086 46604 0 10039464 47328 0 9910447
JAB-B-W3-ADN1_GCATGG-JYTW3_L001 OK 100322 50161000 56 0 0 79654 86245 0 18560449 87405 0 18321676
T-extract-2-ADN1_TGCACG-K888V_L001 OK 42295 21147500 0 0 0 33144 35689 0 7723048 36027 0 7623571
TRI-B-GAR-GUT1_CCTTGA-K888V_L001 OK 47299 23649500 2 0 0 35192 38330 0 8200320 38817 0 8094730
TRI-B-GAR-GUT10_GGACGG-K888V_L001 OK 41323 20661500 2 0 0 32449 35226 0 7561118 35578 0 7463701
TRI-B-GAR-GUT2_GTTTCT-K888V_L001 OK 48829 24414500 2 0 0 33574 36604 0 7823358 37047 0 7722663
TRI-B-GAR-GUT3_ACACGC-K888V_L001 OK 45693 22846500 2 0 0 34975 37635 0 8149865 38647 0 8044825
TRI-B-GAR-GUT4_GTGGGG-K888V_L001 OK 43232 21616000 2 0 0 33628 36486 0 7835940 37047 0 7734950
TRI-B-GAR-GUT5_CACCCA-K888V_L001 OK 54395 27197500 1 0 0 40518 43868 0 9441313 44574 0 9319732
TRI-B-GAR-GUT6_TGCGGG-K888V_L001 OK 41655 20827500 1 0 0 32226 34936 0 7509195 35664 0 7412470
TRI-B-GAR-GUT7_TCTATG-K888V_L001 OK 47614 23807000 2 0 0 35125 38131 0 8184642 38767 0 8079379
TRI-B-GAR-GUT8_TTAGCT-K888V_L001 OK 63975 31987500 4 0 0 47881 51520 0 11157158 53030 0 11013372
TRI-B-GAR-GUT9_GTCAGG-K888V_L001 OK 57327 28663500 1 0 0 45314 48695 0 10558869 49427 0 10422780
TRI-B-PER-GUT1_ACAAAA-K888V_L001 OK 48453 24226500 0 0 0 35968 39015 0 8381109 39799 0 8273100
TRI-B-PER-GUT10_CCGACC-K888V_L001 OK 89437 44718500 6 0 0 67891 73198 0 15819738 75683 0 15616207
TRI-B-PER-GUT2_CTCCAG-K888V_L001 OK 34642 17321000 4 0 0 25939 28197 0 6044139 28580 0 5966377
TRI-B-PER-GUT3_GGTGTT-K888V_L001 OK 58685 29342500 4 0 0 43774 47260 0 10200030 48863 0 10068759
TRI-B-PER-GUT4_CGGGAG-K888V_L001 OK 57515 28757500 3 0 0 44676 48211 0 10410376 49993 0 10276083
TRI-B-PER-GUT5_TGGTAG-K888V_L001 OK 51683 25841500 0 0 0 39817 43102 0 9278036 43980 0 9158416
TRI-B-PER-GUT6_TATCCC-K888V_L001 OK 61345 30672500 8 0 0 44595 47865 0 10391437 50138 0 10257578
TRI-B-PER-GUT7_AACCGA-K888V_L001 OK 51081 25540500 0 0 0 39194 42399 0 9132879 43426 0 9015265
TRI-B-PER-GUT8_GGCAAT-K888V_L001 OK 46447 23223500 0 0 0 35918 38769 0 8369506 39493 0 8261765
TRI-B-PER-GUT9_TTCTTG-K888V_L001 OK 67016 33508000 1 0 0 48662 52489 0 11339224 54261 0 11193073
VAI-B-GAR-GUT1_TCATCA-K888V_L001 OK 34919 17459500 0 0 0 25261 27263 0 5886275 28087 0 5810470
VAI-B-GAR-GUT10_AGTTTG-K888V_L001 OK 52231 26115500 2 0 0 39280 42604 0 9152993 43511 0 9035124
VAI-B-GAR-GUT2_CTTGCA-K888V_L001 OK 58135 29067500 2 0 0 43732 47190 0 10190384 48456 0 10058993
VAI-B-GAR-GUT3_CATGTT-K888V_L001 OK 54331 27165500 2 0 0 39316 42333 0 9161452 44591 0 9043346
VAI-B-GAR-GUT4_TGGATT-K888V_L001 OK 56140 28070000 0 0 0 41913 44977 0 9766587 47340 0 9641621
VAI-B-GAR-GUT5_AACGCA-K888V_L001 OK 53426 26713000 1 0 0 40701 44005 0 9483997 45330 0 9361870
VAI-B-GAR-GUT6_TTCGAG-K888V_L001 OK 48163 24081500 4 0 0 36349 39185 0 8470108 41027 0 8360834
VAI-B-GAR-GUT7_GGCGTA-K888V_L001 OK 50223 25111500 1 0 0 39411 42178 0 9183458 43553 0 9065059
VAI-B-GAR-GUT8_GACTAC-K888V_L001 OK 39227 19613500 0 0 0 30604 32729 0 7131107 33315 0 7039309
VAI-B-GAR-GUT9_AAGCTA-K888V_L001 OK 41402 20701000 0 0 0 31563 34082 0 7354690 34947 0 7259966
VAI-B-W1-ADN1_CTGCAC-JYTW3_L001 OK 102692 51346000 79 0 0 78827 85566 0 18367693 86718 0 18131298
VAI-B-W2-ADN1_TTTCCG-JYTW3_L001 OK 87763 43881500 69 0 0 65363 71111 0 15230473 73116 0 15034462
VAI-B-W2-SED1_CCGGGT-JYTW3_L001 OK 87421 43710500 54 0 0 68828 74610 0 16037818 75466 0 15831500
VAI-B-W3-ADN1_GACTCG-JYTW3_L001 OK 98940 49470000 60 0 0 78423 84887 0 18273460 86062 0 18038434
VER-B-GAR-GUT1_AATTGC-K888V_L001 OK 54900 27450000 2 0 0 42371 45592 0 9873057 46560 0 9745998
VER-B-GAR-GUT10_TAGGCT-K888V_L001 OK 60929 30464500 1 0 0 47053 50638 0 10964070 51441 0 10822892
VER-B-GAR-GUT2_ACTCGA-K888V_L001 OK 55467 27733500 2 0 0 43020 46447 0 10024208 47032 0 9895208
VER-B-GAR-GUT3_GTTACC-K888V_L001 OK 42188 21094000 3 0 0 31694 34172 0 7385212 34932 0 7290138
VER-B-GAR-GUT4_CAGATG-K888V_L001 OK 65523 32761500 6 0 0 51184 55180 0 11926723 56088 0 11773078
VER-B-GAR-GUT5_TCGCGC-K888V_L001 OK 45798 22899000 2 0 0 35353 38127 0 8237807 38812 0 8131783
VER-B-GAR-GUT6_TAACTT-K888V_L001 OK 43686 21843000 0 0 0 31203 33786 0 7270819 34496 0 7177268
VER-B-GAR-GUT7_CTGTAA-K888V_L001 OK 48471 24235500 0 0 0 36433 39295 0 8489494 40128 0 8380028
VER-B-GAR-GUT8_CCATTG-K888V_L001 OK 59489 29744500 5 0 0 44107 47758 0 10277789 49253 0 10145477
VER-B-GAR-GUT9_CACGGA-K888V_L001 OK 37551 18775500 1 0 0 29084 31328 0 6776988 32215 0 6689707
VER-B-PER-GUT1_AGCCTG-K888V_L001 OK 51762 25881000 3 0 0 41106 44037 0 9578364 44661 0 9454900
VER-B-PER-GUT10_ACGGGC-K888V_L001 OK 36906 18453000 3 0 0 28973 31077 0 6751154 31893 0 6664270
VER-B-PER-GUT2_CAACAG-K888V_L001 OK 61233 30616500 1 0 0 47753 51264 0 11127229 52420 0 10983756
VER-B-PER-GUT3_CGCCAC-K888V_L001 OK 45380 22690000 1 0 0 35549 38054 0 8283470 38379 0 8176729
VER-B-PER-GUT4_TTTGTA-K888V_L001 OK 51380 25690000 1 0 0 37802 40560 0 8808454 41569 0 8694979
VER-B-PER-GUT5_CGCATT-K888V_L001 OK 49083 24541500 0 0 0 36748 39486 0 8562873 40810 0 8453613
VER-B-PER-GUT6_TACCAA-K888V_L001 OK 69180 34590000 2 0 0 50351 54394 0 11732892 57679 0 11581411
VER-B-PER-GUT7_TCGGCC-K888V_L001 OK 38679 19339500 2 0 0 29432 31567 0 6858138 32844 0 6769801
VER-B-PER-GUT8_ACCGAA-K888V_L001 OK 49631 24815500 0 0 0 38663 41659 0 9009113 42498 0 8892963
VER-B-PER-GUT9_TCACAC-K888V_L001 OK 47328 23664000 2 0 0 35359 37890 0 8239198 38838 0 8133031
VER-B-W1-ADN1_AATGGT-JYTW3_L001 OK 102513 51256500 59 0 0 81070 87770 0 18890421 89061 0 18647397
VER-B-W2-ADN1_GTAACA-JYTW3_L001 OK 112951 56475500 58 0 0 88382 95825 0 20594067 97174 0 20329250
VER-B-W2-SED1_GTCATT-JYTW3_L001 OK 87897 43948500 70 0 0 67763 73236 0 15789681 74628 0 15587651
VER-B-W3-ADN1_GAGAGG-JYTW3_L001 OK 93543 46771500 45 0 0 74953 81128 0 17464986 82127 0 17240334
