INFO [2024-07-03 15:50:21] [[1]]
INFO [2024-07-03 15:50:21] x1
INFO [2024-07-03 15:50:21] 
INFO [2024-07-03 15:50:21] $filename
INFO [2024-07-03 15:50:21] [1] "Figures/venn_fish_water.png"
INFO [2024-07-03 15:50:21] 
INFO [2024-07-03 15:50:21] $category.names
INFO [2024-07-03 15:50:21] c("Perca fluviatilis", "Lepomis gibbosus", "Water")
INFO [2024-07-03 15:50:21] 
INFO [2024-07-03 15:50:21] $output
INFO [2024-07-03 15:50:21] [1] TRUE
INFO [2024-07-03 15:50:21] 
INFO [2024-07-03 15:50:21] $imagetype
INFO [2024-07-03 15:50:21] [1] "png"
INFO [2024-07-03 15:50:21] 
INFO [2024-07-03 15:50:21] $col
INFO [2024-07-03 15:50:21] c("#A90C38", "darkorange", "#21908dff")
INFO [2024-07-03 15:50:21] 
INFO [2024-07-03 15:50:21] $fill
INFO [2024-07-03 15:50:21] c("#A90C38", "darkorange", "#21908dff")
INFO [2024-07-03 15:50:21] 
INFO [2024-07-03 15:50:21] $cex
INFO [2024-07-03 15:50:21] [1] 0.6
INFO [2024-07-03 15:50:21] 
INFO [2024-07-03 15:50:21] $fontface
INFO [2024-07-03 15:50:21] [1] "bold"
INFO [2024-07-03 15:50:21] 
INFO [2024-07-03 15:50:21] $fontfamily
INFO [2024-07-03 15:50:21] [1] "sans"
INFO [2024-07-03 15:50:21] 
INFO [2024-07-03 15:50:21] $cat.cex
INFO [2024-07-03 15:50:21] [1] 0.7
INFO [2024-07-03 15:50:21] 
INFO [2024-07-03 15:50:21] $cat.col
INFO [2024-07-03 15:50:21] c("#A90C38", "darkorange", "#21908dff")
INFO [2024-07-03 15:50:21] 
