INFO [2024-06-28 13:42:40] [[1]]
INFO [2024-06-28 13:42:40] x1
INFO [2024-06-28 13:42:40] 
INFO [2024-06-28 13:42:40] $filename
INFO [2024-06-28 13:42:40] [1] "Figures/venn_fish_water.png"
INFO [2024-06-28 13:42:40] 
INFO [2024-06-28 13:42:40] $category.names
INFO [2024-06-28 13:42:40] c("Perca fluviatilis", "Lepomis gibbosus", "Water")
INFO [2024-06-28 13:42:40] 
INFO [2024-06-28 13:42:40] $output
INFO [2024-06-28 13:42:40] [1] TRUE
INFO [2024-06-28 13:42:40] 
INFO [2024-06-28 13:42:40] $imagetype
INFO [2024-06-28 13:42:40] [1] "png"
INFO [2024-06-28 13:42:40] 
INFO [2024-06-28 13:42:40] $col
INFO [2024-06-28 13:42:40] c("#A90C38", "darkorange", "#21908dff")
INFO [2024-06-28 13:42:40] 
INFO [2024-06-28 13:42:40] $fill
INFO [2024-06-28 13:42:40] c("#A90C38", "darkorange", "#21908dff")
INFO [2024-06-28 13:42:40] 
INFO [2024-06-28 13:42:40] $cex
INFO [2024-06-28 13:42:40] [1] 0.6
INFO [2024-06-28 13:42:40] 
INFO [2024-06-28 13:42:40] $fontface
INFO [2024-06-28 13:42:40] [1] "bold"
INFO [2024-06-28 13:42:40] 
INFO [2024-06-28 13:42:40] $fontfamily
INFO [2024-06-28 13:42:40] [1] "sans"
INFO [2024-06-28 13:42:40] 
INFO [2024-06-28 13:42:40] $cat.cex
INFO [2024-06-28 13:42:40] [1] 0.7
INFO [2024-06-28 13:42:40] 
INFO [2024-06-28 13:42:40] $cat.col
INFO [2024-06-28 13:42:40] c("#A90C38", "darkorange", "#21908dff")
INFO [2024-06-28 13:42:40] 
